// Jest Snapshot v1, https://goo.gl/fbAQLP

exports[`components/SearchResults renders correctly 1`] = `<div />`;
