// Jest Snapshot v1, https://goo.gl/fbAQLP

exports[`components/IndexPageDescription renders correctly 1`] = `
<div>
  <div
    data-radium={true}
    style={
      Object {
        "color": "rgba(0, 0, 0, 0.4)",
        "margin": "75px",
        "width": "40vw",
      }
    }
  >
    <h2
      data-radium={true}
      style={
        Object {
          "fontFamily": "HelveticaNeueW01-45Ligh,HelveticaNeueW02-45Ligh,HelveticaNeueW10-45Ligh,sans-serif",
          "fontSize": "34px",
          "fontWeight": 100,
          "letterSpacing": "-1px",
          "margin": 0,
        }
      }
    >
      Document Management System
    </h2>
    <p
      data-radium={true}
      style={
        Object {
          "fontFamily": "HelveticaNeueW01-45Ligh,HelveticaNeueW02-45Ligh,HelveticaNeueW10-45Ligh,sans-serif",
          "fontSize": "17px",
          "letterSpacing": "0.06vmax",
          "margin": "2.6vh 0 6vh",
        }
      }
    >
      Briskly Papers is a document management system. It's goal is to provide an easy and fast access to all your files.
    </p>
  </div>
  <div
    data-radium={true}
    style={
      Object {
        "color": "rgba(0, 0, 0, 0.4)",
        "margin": "75px",
        "width": "40vw",
      }
    }
  >
    <h2
      data-radium={true}
      style={
        Object {
          "fontFamily": "HelveticaNeueW01-45Ligh,HelveticaNeueW02-45Ligh,HelveticaNeueW10-45Ligh,sans-serif",
          "fontSize": "34px",
          "fontWeight": 100,
          "letterSpacing": "-1px",
          "margin": 0,
        }
      }
    >
      Store your documents per Drag & Drop
    </h2>
    <p
      data-radium={true}
      style={
        Object {
          "fontFamily": "HelveticaNeueW01-45Ligh,HelveticaNeueW02-45Ligh,HelveticaNeueW10-45Ligh,sans-serif",
          "fontSize": "17px",
          "letterSpacing": "0.06vmax",
          "margin": "2.6vh 0 6vh",
        }
      }
    >
      Select your file, move them to our Upload Area, click upload. Done
    </p>
  </div>
  <div
    data-radium={true}
    style={
      Object {
        "color": "rgba(0, 0, 0, 0.4)",
        "margin": "75px",
        "width": "40vw",
      }
    }
  >
    <h2
      data-radium={true}
      style={
        Object {
          "fontFamily": "HelveticaNeueW01-45Ligh,HelveticaNeueW02-45Ligh,HelveticaNeueW10-45Ligh,sans-serif",
          "fontSize": "34px",
          "fontWeight": 100,
          "letterSpacing": "-1px",
          "margin": 0,
        }
      }
    >
      Tag your documents
    </h2>
    <p
      data-radium={true}
      style={
        Object {
          "fontFamily": "HelveticaNeueW01-45Ligh,HelveticaNeueW02-45Ligh,HelveticaNeueW10-45Ligh,sans-serif",
          "fontSize": "17px",
          "letterSpacing": "0.06vmax",
          "margin": "2.6vh 0 6vh",
        }
      }
    >
      Create tags to define groups for your documents. You can find all relevant documents with one click.
    </p>
  </div>
  <div
    data-radium={true}
    style={
      Object {
        "color": "rgba(0, 0, 0, 0.4)",
        "margin": "75px",
        "width": "40vw",
      }
    }
  >
    <h2
      data-radium={true}
      style={
        Object {
          "fontFamily": "HelveticaNeueW01-45Ligh,HelveticaNeueW02-45Ligh,HelveticaNeueW10-45Ligh,sans-serif",
          "fontSize": "34px",
          "fontWeight": 100,
          "letterSpacing": "-1px",
          "margin": 0,
        }
      }
    >
      Save websites for offline usage
    </h2>
    <p
      data-radium={true}
      style={
        Object {
          "fontFamily": "HelveticaNeueW01-45Ligh,HelveticaNeueW02-45Ligh,HelveticaNeueW10-45Ligh,sans-serif",
          "fontSize": "17px",
          "letterSpacing": "0.06vmax",
          "margin": "2.6vh 0 6vh",
        }
      }
    >
      You want to remember a great website? Enter the URL, click save and find the information whenever you need it. Even offline, with our PDF creator!
    </p>
  </div>
  <div
    data-radium={true}
    style={
      Object {
        "color": "rgba(0, 0, 0, 0.4)",
        "margin": "75px",
        "width": "40vw",
      }
    }
  >
    <h2
      data-radium={true}
      style={
        Object {
          "fontFamily": "HelveticaNeueW01-45Ligh,HelveticaNeueW02-45Ligh,HelveticaNeueW10-45Ligh,sans-serif",
          "fontSize": "34px",
          "fontWeight": 100,
          "letterSpacing": "-1px",
          "margin": 0,
        }
      }
    >
      Your documents are secure
    </h2>
    <p
      data-radium={true}
      style={
        Object {
          "fontFamily": "HelveticaNeueW01-45Ligh,HelveticaNeueW02-45Ligh,HelveticaNeueW10-45Ligh,sans-serif",
          "fontSize": "17px",
          "letterSpacing": "0.06vmax",
          "margin": "2.6vh 0 6vh",
        }
      }
    >
      All documents are stored encrypted. The files can only be decrypted with your password.
    </p>
  </div>
  <div
    data-radium={true}
    style={
      Object {
        "color": "rgba(0, 0, 0, 0.4)",
        "margin": "75px",
        "width": "40vw",
      }
    }
  >
    <h2
      data-radium={true}
      style={
        Object {
          "fontFamily": "HelveticaNeueW01-45Ligh,HelveticaNeueW02-45Ligh,HelveticaNeueW10-45Ligh,sans-serif",
          "fontSize": "34px",
          "fontWeight": 100,
          "letterSpacing": "-1px",
          "margin": 0,
        }
      }
    >
      Full text search
    </h2>
    <p
      data-radium={true}
      style={
        Object {
          "fontFamily": "HelveticaNeueW01-45Ligh,HelveticaNeueW02-45Ligh,HelveticaNeueW10-45Ligh,sans-serif",
          "fontSize": "17px",
          "letterSpacing": "0.06vmax",
          "margin": "2.6vh 0 6vh",
        }
      }
    >
      Each document can be parsed and indexed. You are able to find relevant documents by tag, file name or file content
    </p>
  </div>
</div>
`;
